﻿  Determinando los proyectos que se van a restaurar...
  Todos los proyectos est├ín actualizados para la restauraci├│n.
  AstroReader.Domain -> C:\Sistemas\AstroReader\backend\AstroReader.Domain\bin\Debug\net8.0\AstroReader.Domain.dll
C:\Sistemas\AstroReader\backend\AstroReader.Application\DependencyInjection.cs(3,17): error CS0234: El tipo o el nombre del espacio de nombres 'Extensions' no existe en el espacio de nombres 'Microsoft' (┬┐falta alguna referencia de ensamblado?) [C:\Sistemas\AstroReader\backend\AstroReader.Application\AstroReader.Application.csproj]
C:\Sistemas\AstroReader\backend\AstroReader.Application\DependencyInjection.cs(9,66): error CS0246: El nombre del tipo o del espacio de nombres 'IServiceCollection' no se encontr├│ (┬┐falta una directiva using o una referencia de ensamblado?) [C:\Sistemas\AstroReader\backend\AstroReader.Application\AstroReader.Application.csproj]
C:\Sistemas\AstroReader\backend\AstroReader.Application\DependencyInjection.cs(9,19): error CS0246: El nombre del tipo o del espacio de nombres 'IServiceCollection' no se encontr├│ (┬┐falta una directiva using o una referencia de ensamblado?) [C:\Sistemas\AstroReader\backend\AstroReader.Application\AstroReader.Application.csproj]

ERROR al compilar.

C:\Sistemas\AstroReader\backend\AstroReader.Application\DependencyInjection.cs(3,17): error CS0234: El tipo o el nombre del espacio de nombres 'Extensions' no existe en el espacio de nombres 'Microsoft' (┬┐falta alguna referencia de ensamblado?) [C:\Sistemas\AstroReader\backend\AstroReader.Application\AstroReader.Application.csproj]
C:\Sistemas\AstroReader\backend\AstroReader.Application\DependencyInjection.cs(9,66): error CS0246: El nombre del tipo o del espacio de nombres 'IServiceCollection' no se encontr├│ (┬┐falta una directiva using o una referencia de ensamblado?) [C:\Sistemas\AstroReader\backend\AstroReader.Application\AstroReader.Application.csproj]
C:\Sistemas\AstroReader\backend\AstroReader.Application\DependencyInjection.cs(9,19): error CS0246: El nombre del tipo o del espacio de nombres 'IServiceCollection' no se encontr├│ (┬┐falta una directiva using o una referencia de ensamblado?) [C:\Sistemas\AstroReader\backend\AstroReader.Application\AstroReader.Application.csproj]
    0 Advertencia(s)
    3 Errores

Tiempo transcurrido 00:00:03.16
